******************************************************************************
                  TI ARM Linker PC v20.2.7                     
******************************************************************************
>> Linked Thu May 25 03:21:33 2023

OUTPUT FILE NAME:   <EmbeddedProject.out>
ENTRY POINT SYMBOL: "_c_int00_noargs"  address: 00004815


MEMORY CONFIGURATION

         name            origin    length      used     unused   attr    fill
----------------------  --------  ---------  --------  --------  ----  --------
  FLASH                 00000000   00040000  00004b92  0003b46e  R  X
  SRAM                  20000000   00008000  000079fa  00000606  RW X


SEGMENT ALLOCATION MAP

run origin  load origin   length   init length attrs members
----------  ----------- ---------- ----------- ----- -------
00000000    00000000    00004b98   00004b98    r-x
  00000000    00000000    0000026c   0000026c    r-- .intvecs
  0000026c    0000026c    000047aa   000047aa    r-x .text
  00004a18    00004a18    00000144   00000144    r-- .const
  00004b60    00004b60    00000038   00000038    r-- .cinit
20000000    20000000    00007a00   00000000    rw-
  20000000    20000000    000077b2   00000000    rw- .bss
  200077b8    200077b8    00000200   00000000    rw- .stack
  200079b8    200079b8    00000048   00000000    rw- .data


SECTION ALLOCATION MAP

 output                                  attributes/
section   page    origin      length       input sections
--------  ----  ----------  ----------   ----------------
.intvecs   0    00000000    0000026c     
                  00000000    0000026c     tm4c123gh6pm_startup_ccs.obj (.intvecs)

.text      0    0000026c    000047aa     
                  0000026c    00001894     tasks.obj (.text)
                  00001b00    00000c80     queue.obj (.text)
                  00002780    000005f8     main.obj (.text)
                  00002d78    000004a8     uartstdio.obj (.text)
                  00003220    00000398     dht22.obj (.text)
                  000035b8    000001b8     heap_2.obj (.text)
                  00003770    000001b6     rtsv7M4_T_le_v4SPD16_eabi.lib : fd_add_t2.asm.obj (.text)
                  00003926    00000002                                   : div0.asm.obj (.text)
                  00003928    0000016c     driverlib.lib : gpio.obj (.text:GPIOPadConfigSet)
                  00003a94    00000154     servo.obj (.text)
                  00003be8    0000013c     port.obj (.text)
                  00003d24    00000136     rtsv7M4_T_le_v4SPD16_eabi.lib : fd_div_t2.asm.obj (.text)
                  00003e5a    0000012a     list.obj (.text)
                  00003f84    00000118     driverlib.lib : sysctl.obj (.text:SysCtlClockGet)
                  0000409c    000000fc     rtsv7M4_T_le_v4SPD16_eabi.lib : fd_mul_t2.asm.obj (.text)
                  00004198    000000f4     driverlib.lib : sysctl.obj (.text:SysCtlClockSet)
                  0000428c    000000da     portasm.obj (.text)
                  00004366    0000009c     rtsv7M4_T_le_v4SPD16_eabi.lib : memcpy_t2.asm.obj (.text)
                  00004402    0000007a                                   : memset_t2.asm.obj (.text)
                  0000447c    0000006e                                   : fd_tos_t2.asm.obj (.text)
                  000044ea    00000002     --HOLE-- [fill = 0]
                  000044ec    00000068     driverlib.lib : interrupt.obj (.text:IntEnable)
                  00004554    00000068     rtsv7M4_T_le_v4SPD16_eabi.lib : copy_decompress_lzss.c.obj (.text:decompress:lzss:__TI_decompress_lzss)
                  000045bc    00000054     relay.obj (.text)
                  00004610    0000004c     driverlib.lib : gpio.obj (.text:GPIOPinConfigure)
                  0000465c    00000048     rtsv7M4_T_le_v4SPD16_eabi.lib : fd_toi_t2.asm.obj (.text)
                  000046a4    00000046     driverlib.lib : uart.obj (.text:UARTConfigSetExpClk)
                  000046ea    00000002     --HOLE-- [fill = 0]
                  000046ec    00000044     rtsv7M4_T_le_v4SPD16_eabi.lib : autoinit.c.obj (.text:__TI_auto_init_nobinit_nopinit:__TI_auto_init_nobinit_nopinit)
                  00004730    00000040                                   : u_divt2.asm.obj (.text)
                  00004770    00000038     driverlib.lib : sysctl.obj (.text:SysCtlPeripheralPresent)
                  000047a8    00000038     rtsv7M4_T_le_v4SPD16_eabi.lib : fs_tod_t2.asm.obj (.text)
                  000047e0    00000034     driverlib.lib : sysctl.obj (.text:SysCtlPeripheralEnable)
                  00004814    00000034     rtsv7M4_T_le_v4SPD16_eabi.lib : boot_cortex_m.c.obj (.text:_c_int00_noargs:_c_int00_noargs)
                  00004848    0000002c     driverlib.lib : gpio.obj (.text:GPIODirModeSet)
                  00004874    00000022                   : pwm.obj (.text:PWMGenConfigure)
                  00004896    00000002     --HOLE-- [fill = 0]
                  00004898    00000020                   : uart.obj (.text:UARTDisable)
                  000048b8    00000020     rtsv7M4_T_le_v4SPD16_eabi.lib : u_tofd_t2.asm.obj (.text)
                  000048d8    0000001e     driverlib.lib : pwm.obj (.text:PWMPulseWidthSet)
                  000048f6    0000001a                   : gpio.obj (.text:GPIOPinTypeGPIOOutput)
                  00004910    00000016                   : gpio.obj (.text:GPIOPinTypeGPIOInput)
                  00004926    00000016                   : gpio.obj (.text:GPIOPinTypeUART)
                  0000493c    00000014                   : uart.obj (.text:UARTEnable)
                  00004950    00000010                   : interrupt.obj (.text:IntMasterEnable)
                  00004960    00000010                   : pwm.obj (.text:PWMGenPeriodSet)
                  00004970    0000000e                   : uart.obj (.text:UARTCharGetNonBlocking)
                  0000497e    0000000e                   : uart.obj (.text:UARTCharPutNonBlocking)
                  0000498c    0000000e                   : uart.obj (.text:UARTCharsAvail)
                  0000499a    0000000e     rtsv7M4_T_le_v4SPD16_eabi.lib : copy_decompress_none.c.obj (.text:decompress:none:__TI_decompress_none)
                  000049a8    0000000c     driverlib.lib : cpu.obj (.text:CPUcpsie)
                  000049b4    0000000c     rtsv7M4_T_le_v4SPD16_eabi.lib : copy_zero_init.c.obj (.text:decompress:ZI:__TI_zero_init)
                  000049c0    0000000c     tm4c123gh6pm_startup_ccs.obj (.text)
                  000049cc    0000000a     driverlib.lib : uart.obj (.text:UARTCharGet)
                  000049d6    0000000a                   : uart.obj (.text:UARTCharPut)
                  000049e0    0000000a                   : uart.obj (.text:UARTIntStatus)
                  000049ea    00000008                   : uart.obj (.text:UARTIntEnable)
                  000049f2    00000006                   : gpio.obj (.text:GPIOPinRead)
                  000049f8    00000006                   : gpio.obj (.text:GPIOPinWrite)
                  000049fe    00000006                   : sysctl.obj (.text:SysCtlDelay)
                  00004a04    00000006                   : uart.obj (.text:UARTClockSourceSet)
                  00004a0a    00000004                   : uart.obj (.text:UARTIntClear)
                  00004a0e    00000004     rtsv7M4_T_le_v4SPD16_eabi.lib : pre_init.c.obj (.text:_system_pre_init)
                  00004a12    00000004                                   : exit.c.obj (.text:abort:abort)

.const     0    00004a18    00000144     
                  00004a18    00000090     driverlib.lib : gpio.obj (.const:g_pui32GPIOBaseAddrs)
                  00004aa8    0000006c                   : sysctl.obj (.const:g_pui32Xtals)
                  00004b14    00000014                   : interrupt.obj (.const:g_pui32EnRegs)
                  00004b28    00000012     uartstdio.obj (.const:.string)
                  00004b3a    00000002     --HOLE-- [fill = 0]
                  00004b3c    0000000c     uartstdio.obj (.const:g_ui32UARTBase)
                  00004b48    0000000c     uartstdio.obj (.const:g_ui32UARTPeriph)
                  00004b54    00000004     port.obj (.const)
                  00004b58    00000004     uartstdio.obj (.const)

.cinit     0    00004b60    00000038     
                  00004b60    0000000f     (.cinit..data.load) [load image, compression = lzss]
                  00004b6f    00000001     --HOLE-- [fill = 0]
                  00004b70    0000000c     (__TI_handler_table)
                  00004b7c    00000004     --HOLE-- [fill = 0]
                  00004b80    00000008     (.cinit..bss.load) [load image, compression = zero_init]
                  00004b88    00000010     (__TI_cinit_table)

.init_array 
*          0    00000000    00000000     UNINITIALIZED

.bss       0    20000000    000077b2     UNINITIALIZED
                  20000000    00007530     heap_2.obj (.bss:ucHeap)
                  20007530    00000140     tasks.obj (.bss:pxReadyTasksLists)
                  20007670    00000064     (.common:buffer)
                  200076d4    00000050     (.common:xQueueRegistry)
                  20007724    00000014     tasks.obj (.bss:xDelayedTaskList1)
                  20007738    00000014     tasks.obj (.bss:xDelayedTaskList2)
                  2000774c    00000014     tasks.obj (.bss:xPendingReadyList)
                  20007760    00000014     tasks.obj (.bss:xSuspendedTaskList)
                  20007774    00000014     tasks.obj (.bss:xTasksWaitingTermination)
                  20007788    00000008     tasks.obj (.bss)
                  20007790    00000008     heap_2.obj (.bss:xEnd)
                  20007798    00000008     heap_2.obj (.bss:xStart)
                  200077a0    00000004     (.common:ui32Load)
                  200077a4    00000004     (.common:ui32PWMClock)
                  200077a8    00000004     (.common:xBinarySemaphore)
                  200077ac    00000004     (.common:xQueue)
                  200077b0    00000001     (.common:index)
                  200077b1    00000001     (.common:ui8Adjust)

.data      0    200079b8    00000048     UNINITIALIZED
                  200079b8    00000034     tasks.obj (.data)
                  200079ec    00000008     heap_2.obj (.data)
                  200079f4    00000005     uartstdio.obj (.data)
                  200079f9    00000003     --HOLE--
                  200079fc    00000004     port.obj (.data)

.stack     0    200077b8    00000200     UNINITIALIZED
                  200077b8    00000004     rtsv7M4_T_le_v4SPD16_eabi.lib : boot_cortex_m.c.obj (.stack)
                  200077bc    000001fc     --HOLE--

__llvm_prf_cnts 
*          0    20000000    00000000     UNINITIALIZED

MODULE SUMMARY

       Module                         code    ro data   rw data
       ------                         ----    -------   -------
    .\
       main.obj                       1528    0         109    
       tm4c123gh6pm_startup_ccs.obj   12      620       0      
    +--+------------------------------+-------+---------+---------+
       Total:                         1540    620       109    
                                                               
    .\FreeRTOSSource\
       heap_2.obj                     440     0         30024  
       tasks.obj                      6292    0         480    
       queue.obj                      3200    0         80     
       port.obj                       316     4         4      
       list.obj                       298     0         0      
       portasm.obj                    218     0         0      
    +--+------------------------------+-------+---------+---------+
       Total:                         10764   4         30588  
                                                               
    .\drivers\
       uartstdio.obj                  1192    46        5      
       dht22.obj                      920     0         0      
       servo.obj                      340     0         9      
       relay.obj                      84      0         0      
    +--+------------------------------+-------+---------+---------+
       Total:                         2536    46        14     
                                                               
    C:/ti/TivaWare_C_Series-2.2.0.295/driverlib/ccs/Debug/driverlib.lib
       sysctl.obj                     638     108       0      
       gpio.obj                       566     144       0      
       uart.obj                       212     0         0      
       interrupt.obj                  120     20        0      
       pwm.obj                        80      0         0      
       cpu.obj                        12      0         0      
    +--+------------------------------+-------+---------+---------+
       Total:                         1628    272       0      
                                                               
    C:\ti\ccs1220\ccs\tools\compiler\ti-cgt-arm_20.2.7.LTS\lib\rtsv7M4_T_le_v4SPD16_eabi.lib
       fd_add_t2.asm.obj              438     0         0      
       fd_div_t2.asm.obj              310     0         0      
       fd_mul_t2.asm.obj              252     0         0      
       memcpy_t2.asm.obj              156     0         0      
       memset_t2.asm.obj              122     0         0      
       fd_tos_t2.asm.obj              110     0         0      
       copy_decompress_lzss.c.obj     104     0         0      
       fd_toi_t2.asm.obj              72      0         0      
       autoinit.c.obj                 68      0         0      
       u_divt2.asm.obj                64      0         0      
       fs_tod_t2.asm.obj              56      0         0      
       boot_cortex_m.c.obj            52      0         0      
       u_tofd_t2.asm.obj              32      0         0      
       copy_decompress_none.c.obj     14      0         0      
       copy_zero_init.c.obj           12      0         0      
       exit.c.obj                     4       0         0      
       pre_init.c.obj                 4       0         0      
       div0.asm.obj                   2       0         0      
    +--+------------------------------+-------+---------+---------+
       Total:                         1872    0         0      
                                                               
       Stack:                         0       0         512    
       Linker Generated:              0       51        0      
    +--+------------------------------+-------+---------+---------+
       Grand Total:                   18340   993       31223  


LINKER GENERATED COPY TABLES

__TI_cinit_table @ 00004b88 records: 2, size/record: 8, table size: 16
	.data: load addr=00004b60, load size=0000000f bytes, run addr=200079b8, run size=00000048 bytes, compression=lzss
	.bss: load addr=00004b80, load size=00000008 bytes, run addr=20000000, run size=000077b2 bytes, compression=zero_init


LINKER GENERATED HANDLER TABLE

__TI_handler_table @ 00004b70 records: 3, size/record: 4, table size: 12
	index: 0, handler: __TI_decompress_lzss
	index: 1, handler: __TI_decompress_none
	index: 2, handler: __TI_zero_init


GLOBAL SYMBOLS: SORTED ALPHABETICALLY BY Name 

address   name                               
-------   ----                               
00004a13  C$$EXIT                            
000049a9  CPUcpsie                           
0000278b  ConfigureUART                      
00003293  DHT22_Check_Response               
00003477  DHT22_Delay                        
00003221  DHT22_Init                         
000032b1  DHT22_Read_Byte                    
0000332b  DHT22_Read_Data                    
00003241  DHT22_Start                        
0000349d  DHT22_To_String                    
00003423  DHT22_Wait_High                    
0000344d  DHT22_Wait_Low                     
00004849  GPIODirModeSet                     
00003929  GPIOPadConfigSet                   
00004611  GPIOPinConfigure                   
000049f3  GPIOPinRead                        
00004911  GPIOPinTypeGPIOInput               
000048f7  GPIOPinTypeGPIOOutput              
00004927  GPIOPinTypeUART                    
000049f9  GPIOPinWrite                       
000044ed  IntEnable                          
00004951  IntMasterEnable                    
00004875  PWMGenConfigure                    
00004961  PWMGenPeriodSet                    
000048d9  PWMPulseWidthSet                   
000045dd  Relay_Control                      
000045bd  Relay_Init                         
000049c1  ResetISR                           
00003b4d  Servo_Control                      
00003a95  Servo_Init                         
00003f85  SysCtlClockGet                     
00004199  SysCtlClockSet                     
000049ff  SysCtlDelay                        
000047e1  SysCtlPeripheralEnable             
00004771  SysCtlPeripheralPresent            
000049cd  UARTCharGet                        
00004971  UARTCharGetNonBlocking             
000049d7  UARTCharPut                        
0000497f  UARTCharPutNonBlocking             
0000498d  UARTCharsAvail                     
00004a05  UARTClockSourceSet                 
000046a5  UARTConfigSetExpClk                
00004899  UARTDisable                        
0000493d  UARTEnable                         
00004a0b  UARTIntClear                       
000049eb  UARTIntEnable                      
000028b3  UARTIntHandler                     
000049e1  UARTIntStatus                      
00002d79  UARTStdioConfig                    
00002ec9  UARTgetc                           
00002e0f  UARTgets                           
000031eb  UARTprintf                         
00002ef1  UARTvprintf                        
00002dbf  UARTwrite                          
200079b8  __STACK_END                        
00000200  __STACK_SIZE                       
200079b8  __STACK_TOP                        
00004b88  __TI_CINIT_Base                    
00004b98  __TI_CINIT_Limit                   
00004b70  __TI_Handler_Table_Base            
00004b7c  __TI_Handler_Table_Limit           
000046ed  __TI_auto_init_nobinit_nopinit     
00004555  __TI_decompress_lzss               
0000499b  __TI_decompress_none               
ffffffff  __TI_pprof_out_hndl                
ffffffff  __TI_prof_data_size                
ffffffff  __TI_prof_data_start               
00000000  __TI_static_base__                 
000049b5  __TI_zero_init                     
0000447d  __aeabi_d2f                        
0000465d  __aeabi_d2iz                       
0000377b  __aeabi_dadd                       
00003d25  __aeabi_ddiv                       
0000409d  __aeabi_dmul                       
00003771  __aeabi_dsub                       
000047a9  __aeabi_f2d                        
00003927  __aeabi_idiv0                      
00003927  __aeabi_ldiv0                      
00004403  __aeabi_memclr                     
00004403  __aeabi_memclr4                    
00004403  __aeabi_memclr8                    
00004367  __aeabi_memcpy                     
00004367  __aeabi_memcpy4                    
00004367  __aeabi_memcpy8                    
00004405  __aeabi_memset                     
00004405  __aeabi_memset4                    
00004405  __aeabi_memset8                    
000048b9  __aeabi_ui2d                       
00004731  __aeabi_uidiv                      
00004731  __aeabi_uidivmod                   
ffffffff  __binit__                          
ffffffff  __c_args__                         
UNDEFED   __mpu_init                         
200077b8  __stack                            
20000000  __start___llvm_prf_cnts            
20000000  __stop___llvm_prf_cnts             
00004815  _c_int00_noargs                    
UNDEFED   _system_post_cinit                 
00004a0f  _system_pre_init                   
00004a13  abort                              
ffffffff  binit                              
20007670  buffer                             
000005dd  eTaskGetState                      
00000000  g_pfnVectors                       
200077b0  index                              
000027e5  main                               
00004367  memcpy                             
0000440b  memset                             
000026f5  pcQueueGetName                     
00000ba3  pcTaskGetName                      
000035b9  pvPortMalloc                       
0000161f  pvTaskIncrementMutexHeldCount      
200079b8  pxCurrentTCB                       
00003be9  pxPortInitialiseStack              
00002459  ucQueueGetQueueType                
200077a0  ui32Load                           
200077a4  ui32PWMClock                       
200077b1  ui8Adjust                          
00004b54  ulMaxSyscallInterruptPriority      
0000429d  ulPortGetIPSR                      
0000163d  ulTaskNotifyTake                   
00003f3d  uxListRemove                       
00002439  uxQueueGetQueueNumber              
000023db  uxQueueMessagesWaiting             
00002411  uxQueueMessagesWaitingFromISR      
000023f1  uxQueueSpacesAvailable             
00000b9d  uxTaskGetNumberOfTasks             
00001309  uxTaskGetStackHighWaterMark        
00000bc9  uxTaskGetSystemState               
00001099  uxTaskGetTaskNumber                
00000671  uxTaskPriorityGet                  
000006a1  uxTaskPriorityGetFromISR           
000015fd  uxTaskResetEventItemValue          
00002781  vApplicationStackOverflowHook      
00003e5b  vListInitialise                    
00003e8b  vListInitialiseItem                
00003ed7  vListInsert                        
00003e9b  vListInsertEnd                     
00004359  vPortEnableVFP                     
00003c89  vPortEndScheduler                  
00003c8b  vPortEnterCritical                 
00003cab  vPortExitCritical                  
000036b1  vPortFree                          
00003715  vPortInitialiseBlocks              
00004315  vPortSVCHandler                    
00003ce7  vPortSetupTimerInterrupt           
00004335  vPortStartFirstTask                
000026b3  vQueueAddToRegistry                
00002423  vQueueDelete                       
00002447  vQueueSetQueueNumber               
00002735  vQueueUnregisterQueue              
000005a1  vTaskDelay                         
00000511  vTaskDelayUntil                    
00000463  vTaskDelete                        
00000a63  vTaskEndScheduler                  
00001179  vTaskGetInfo                       
00000fe7  vTaskInternalSetTimeOutState       
0000108d  vTaskMissedYield                   
00001959  vTaskNotifyGiveFromISR             
00000e8b  vTaskPlaceOnEventList              
00000ea7  vTaskPlaceOnUnorderedEventList     
0000152b  vTaskPriorityDisinheritAfterTimeout
000006ed  vTaskPrioritySet                   
00000f61  vTaskRemoveFromUnorderedEventList  
00000911  vTaskResume                        
000010b9  vTaskSetTaskNumber                 
00000fc9  vTaskSetTimeOutState               
00000a19  vTaskStartScheduler                
00000805  vTaskSuspend                       
00000a7f  vTaskSuspendAll                    
00000de9  vTaskSwitchContext                 
200077a8  xBinarySemaphore                   
0000370f  xPortGetFreeHeapSize               
000042b5  xPortPendSVHandler                 
00003c53  xPortStartScheduler                
00003cc1  xPortSysTickHandler                
200077ac  xQueue                             
00001c59  xQueueCreateMutex                  
00001b9f  xQueueGenericCreate                
00001b01  xQueueGenericReset                 
00001d05  xQueueGenericSend                  
00001e33  xQueueGenericSendFromISR           
00001ecd  xQueueGiveFromISR                  
00001c85  xQueueGiveMutexRecursive           
0000264f  xQueueIsQueueEmptyFromISR          
00002691  xQueueIsQueueFullFromISR           
000021d1  xQueuePeek                         
00002389  xQueuePeekFromISR                  
00001f5f  xQueueReceive                      
000022f1  xQueueReceiveFromISR               
200076d4  xQueueRegistry                     
00002079  xQueueSemaphoreTake                
00001cc1  xQueueTakeMutexRecursive           
00001009  xTaskCheckForTimeOut               
0000026d  xTaskCreate                        
0000175f  xTaskGenericNotify                 
00001849  xTaskGenericNotifyFromISR          
0000137d  xTaskGetCurrentTaskHandle          
00000b75  xTaskGetTickCount                  
00000b89  xTaskGetTickCountFromISR           
00000cbd  xTaskIncrementTick                 
00001a07  xTaskNotifyStateClear              
000016b9  xTaskNotifyWait                    
0000148f  xTaskPriorityDisinherit            
000013b1  xTaskPriorityInherit               
00000ee1  xTaskRemoveFromEventList           
00000a91  xTaskResumeAll                     
00000989  xTaskResumeFromISR                 


GLOBAL SYMBOLS: SORTED BY Symbol Address 

address   name                               
-------   ----                               
00000000  __TI_static_base__                 
00000000  g_pfnVectors                       
00000200  __STACK_SIZE                       
0000026d  xTaskCreate                        
00000463  vTaskDelete                        
00000511  vTaskDelayUntil                    
000005a1  vTaskDelay                         
000005dd  eTaskGetState                      
00000671  uxTaskPriorityGet                  
000006a1  uxTaskPriorityGetFromISR           
000006ed  vTaskPrioritySet                   
00000805  vTaskSuspend                       
00000911  vTaskResume                        
00000989  xTaskResumeFromISR                 
00000a19  vTaskStartScheduler                
00000a63  vTaskEndScheduler                  
00000a7f  vTaskSuspendAll                    
00000a91  xTaskResumeAll                     
00000b75  xTaskGetTickCount                  
00000b89  xTaskGetTickCountFromISR           
00000b9d  uxTaskGetNumberOfTasks             
00000ba3  pcTaskGetName                      
00000bc9  uxTaskGetSystemState               
00000cbd  xTaskIncrementTick                 
00000de9  vTaskSwitchContext                 
00000e8b  vTaskPlaceOnEventList              
00000ea7  vTaskPlaceOnUnorderedEventList     
00000ee1  xTaskRemoveFromEventList           
00000f61  vTaskRemoveFromUnorderedEventList  
00000fc9  vTaskSetTimeOutState               
00000fe7  vTaskInternalSetTimeOutState       
00001009  xTaskCheckForTimeOut               
0000108d  vTaskMissedYield                   
00001099  uxTaskGetTaskNumber                
000010b9  vTaskSetTaskNumber                 
00001179  vTaskGetInfo                       
00001309  uxTaskGetStackHighWaterMark        
0000137d  xTaskGetCurrentTaskHandle          
000013b1  xTaskPriorityInherit               
0000148f  xTaskPriorityDisinherit            
0000152b  vTaskPriorityDisinheritAfterTimeout
000015fd  uxTaskResetEventItemValue          
0000161f  pvTaskIncrementMutexHeldCount      
0000163d  ulTaskNotifyTake                   
000016b9  xTaskNotifyWait                    
0000175f  xTaskGenericNotify                 
00001849  xTaskGenericNotifyFromISR          
00001959  vTaskNotifyGiveFromISR             
00001a07  xTaskNotifyStateClear              
00001b01  xQueueGenericReset                 
00001b9f  xQueueGenericCreate                
00001c59  xQueueCreateMutex                  
00001c85  xQueueGiveMutexRecursive           
00001cc1  xQueueTakeMutexRecursive           
00001d05  xQueueGenericSend                  
00001e33  xQueueGenericSendFromISR           
00001ecd  xQueueGiveFromISR                  
00001f5f  xQueueReceive                      
00002079  xQueueSemaphoreTake                
000021d1  xQueuePeek                         
000022f1  xQueueReceiveFromISR               
00002389  xQueuePeekFromISR                  
000023db  uxQueueMessagesWaiting             
000023f1  uxQueueSpacesAvailable             
00002411  uxQueueMessagesWaitingFromISR      
00002423  vQueueDelete                       
00002439  uxQueueGetQueueNumber              
00002447  vQueueSetQueueNumber               
00002459  ucQueueGetQueueType                
0000264f  xQueueIsQueueEmptyFromISR          
00002691  xQueueIsQueueFullFromISR           
000026b3  vQueueAddToRegistry                
000026f5  pcQueueGetName                     
00002735  vQueueUnregisterQueue              
00002781  vApplicationStackOverflowHook      
0000278b  ConfigureUART                      
000027e5  main                               
000028b3  UARTIntHandler                     
00002d79  UARTStdioConfig                    
00002dbf  UARTwrite                          
00002e0f  UARTgets                           
00002ec9  UARTgetc                           
00002ef1  UARTvprintf                        
000031eb  UARTprintf                         
00003221  DHT22_Init                         
00003241  DHT22_Start                        
00003293  DHT22_Check_Response               
000032b1  DHT22_Read_Byte                    
0000332b  DHT22_Read_Data                    
00003423  DHT22_Wait_High                    
0000344d  DHT22_Wait_Low                     
00003477  DHT22_Delay                        
0000349d  DHT22_To_String                    
000035b9  pvPortMalloc                       
000036b1  vPortFree                          
0000370f  xPortGetFreeHeapSize               
00003715  vPortInitialiseBlocks              
00003771  __aeabi_dsub                       
0000377b  __aeabi_dadd                       
00003927  __aeabi_idiv0                      
00003927  __aeabi_ldiv0                      
00003929  GPIOPadConfigSet                   
00003a95  Servo_Init                         
00003b4d  Servo_Control                      
00003be9  pxPortInitialiseStack              
00003c53  xPortStartScheduler                
00003c89  vPortEndScheduler                  
00003c8b  vPortEnterCritical                 
00003cab  vPortExitCritical                  
00003cc1  xPortSysTickHandler                
00003ce7  vPortSetupTimerInterrupt           
00003d25  __aeabi_ddiv                       
00003e5b  vListInitialise                    
00003e8b  vListInitialiseItem                
00003e9b  vListInsertEnd                     
00003ed7  vListInsert                        
00003f3d  uxListRemove                       
00003f85  SysCtlClockGet                     
0000409d  __aeabi_dmul                       
00004199  SysCtlClockSet                     
0000429d  ulPortGetIPSR                      
000042b5  xPortPendSVHandler                 
00004315  vPortSVCHandler                    
00004335  vPortStartFirstTask                
00004359  vPortEnableVFP                     
00004367  __aeabi_memcpy                     
00004367  __aeabi_memcpy4                    
00004367  __aeabi_memcpy8                    
00004367  memcpy                             
00004403  __aeabi_memclr                     
00004403  __aeabi_memclr4                    
00004403  __aeabi_memclr8                    
00004405  __aeabi_memset                     
00004405  __aeabi_memset4                    
00004405  __aeabi_memset8                    
0000440b  memset                             
0000447d  __aeabi_d2f                        
000044ed  IntEnable                          
00004555  __TI_decompress_lzss               
000045bd  Relay_Init                         
000045dd  Relay_Control                      
00004611  GPIOPinConfigure                   
0000465d  __aeabi_d2iz                       
000046a5  UARTConfigSetExpClk                
000046ed  __TI_auto_init_nobinit_nopinit     
00004731  __aeabi_uidiv                      
00004731  __aeabi_uidivmod                   
00004771  SysCtlPeripheralPresent            
000047a9  __aeabi_f2d                        
000047e1  SysCtlPeripheralEnable             
00004815  _c_int00_noargs                    
00004849  GPIODirModeSet                     
00004875  PWMGenConfigure                    
00004899  UARTDisable                        
000048b9  __aeabi_ui2d                       
000048d9  PWMPulseWidthSet                   
000048f7  GPIOPinTypeGPIOOutput              
00004911  GPIOPinTypeGPIOInput               
00004927  GPIOPinTypeUART                    
0000493d  UARTEnable                         
00004951  IntMasterEnable                    
00004961  PWMGenPeriodSet                    
00004971  UARTCharGetNonBlocking             
0000497f  UARTCharPutNonBlocking             
0000498d  UARTCharsAvail                     
0000499b  __TI_decompress_none               
000049a9  CPUcpsie                           
000049b5  __TI_zero_init                     
000049c1  ResetISR                           
000049cd  UARTCharGet                        
000049d7  UARTCharPut                        
000049e1  UARTIntStatus                      
000049eb  UARTIntEnable                      
000049f3  GPIOPinRead                        
000049f9  GPIOPinWrite                       
000049ff  SysCtlDelay                        
00004a05  UARTClockSourceSet                 
00004a0b  UARTIntClear                       
00004a0f  _system_pre_init                   
00004a13  C$$EXIT                            
00004a13  abort                              
00004b54  ulMaxSyscallInterruptPriority      
00004b70  __TI_Handler_Table_Base            
00004b7c  __TI_Handler_Table_Limit           
00004b88  __TI_CINIT_Base                    
00004b98  __TI_CINIT_Limit                   
20000000  __start___llvm_prf_cnts            
20000000  __stop___llvm_prf_cnts             
20007670  buffer                             
200076d4  xQueueRegistry                     
200077a0  ui32Load                           
200077a4  ui32PWMClock                       
200077a8  xBinarySemaphore                   
200077ac  xQueue                             
200077b0  index                              
200077b1  ui8Adjust                          
200077b8  __stack                            
200079b8  __STACK_END                        
200079b8  __STACK_TOP                        
200079b8  pxCurrentTCB                       
ffffffff  __TI_pprof_out_hndl                
ffffffff  __TI_prof_data_size                
ffffffff  __TI_prof_data_start               
ffffffff  __binit__                          
ffffffff  __c_args__                         
ffffffff  binit                              
UNDEFED   __mpu_init                         
UNDEFED   _system_post_cinit                 

[208 symbols]
